// Jest Snapshot v1, https://goo.gl/fbAQLP

exports[`AppComponent should create the app 1`] = `
<app-root
  __ngContext__={[Function LRootView]}
  finderFacadeService={[Function FinderFacadeService]}
  title={[Function String]}
>
  <div
    class="falconApp"
  >
    <app-falcon-header>
      <nav
        class="headerContainer"
      >
        <div
          class="brandName"
        >
          <a
            class="brandAnchor"
            href="/finderboard"
          >
             Finding Falcone! 
          </a>
        </div>
        <div
          class="resetSection"
        >
          <a
            class="resetLink"
          >
             Reset 
          </a>
          <a
            class="geekTrustLink"
            href="https://www.geektrust.in"
            rel="noopener"
            target="_blank"
          >
             GeekTrust Home 
          </a>
          <a
            class="helpLink"
            href="#"
            routerlink="/"
          >
             Help 
          </a>
        </div>
      </nav>
    </app-falcon-header>
    <a
      class="skip-link"
      href="#appFalconBody"
    >
      Skip to main
    </a>
    <div
      class="appFalconBody"
      id="appFalconBody"
    >
      
      
      <router-outlet />
    </div>
    <app-falcon-footer>
      <nav
        class="footer"
      >
        <div
          class="footer-container"
        >
          <div
            class="geekTrustProblem"
          >
             Coding Problem - www.geektrust.in 
          </div>
        </div>
      </nav>
    </app-falcon-footer>
  </div>
</app-root>
`;
